
> ads@0.1.0 typecheck
> tsc --noEmit

src/components/editor/flow-editor.tsx(397,9): error TS2322: Type '{ id: string; type: string | undefined; position: XYPosition; data: NodeData; }[]' is not assignable to type '{ data: Record<string, unknown>; position: { x: number; y: number; }; id: string; type?: string | undefined; }[]'.
  Type '{ id: string; type: string | undefined; position: XYPosition; data: NodeData; }' is not assignable to type '{ data: Record<string, unknown>; position: { x: number; y: number; }; id: string; type?: string | undefined; }'.
    Types of property 'data' are incompatible.
      Type 'NodeData' is not assignable to type 'Record<string, unknown>'.
        Type 'TriangleNodeData' is not assignable to type 'Record<string, unknown>'.
          Index signature for type 'string' is missing in type 'TriangleNodeData'.
src/components/editor/flow-editor.tsx(398,9): error TS2322: Type '{ id: string; source: string; target: string; sourceHandle: string | null | undefined; targetHandle: string | null | undefined; kind: string; }[]' is not assignable to type '{ id: string; source: string; target: string; sourceHandle?: string | undefined; targetHandle?: string | undefined; }[]'.
  Type '{ id: string; source: string; target: string; sourceHandle: string | null | undefined; targetHandle: string | null | undefined; kind: string; }' is not assignable to type '{ id: string; source: string; target: string; sourceHandle?: string | undefined; targetHandle?: string | undefined; }'.
    Types of property 'sourceHandle' are incompatible.
      Type 'string | null | undefined' is not assignable to type 'string | undefined'.
        Type 'null' is not assignable to type 'string | undefined'.
src/components/editor/property-panel.tsx(266,31): error TS2322: Type '{} | undefined' is not assignable to type 'ReactNode'.
  Type '{}' is not assignable to type 'ReactNode'.
src/components/editor/property-panel.tsx(314,28): error TS2339: Property 'key' does not exist on type 'never'.
src/components/editor/property-panel.tsx(315,48): error TS2339: Property 'type' does not exist on type 'never'.
src/components/editor/property-panel.tsx(422,43): error TS2352: Conversion of type 'NodeData' to type 'Record<string, unknown>' may be a mistake because neither type sufficiently overlaps with the other. If this was intentional, convert the expression to 'unknown' first.
  Type 'SceneNodeData' is not comparable to type 'Record<string, unknown>'.
    Index signature for type 'string' is missing in type 'SceneNodeData'.
src/components/editor/timeline-editor-modal.tsx(451,7): error TS2322: Type '{ from: Point2D; to: Point2D; } | { rotations?: number | undefined; from: Point2D; to: Point2D; } | { from: number | Point2D; to: number | Point2D; } | ... 21 more ... | { ...; }' is not assignable to type 'MoveTrackProperties | RotateTrackProperties | ScaleTrackProperties | FadeTrackProperties | ColorTrackProperties | undefined'.
  Type '{ from: number | Point2D; to: number | Point2D; }' is not assignable to type 'MoveTrackProperties | RotateTrackProperties | ScaleTrackProperties | FadeTrackProperties | ColorTrackProperties | undefined'.
    Property 'property' is missing in type '{ from: number | Point2D; to: number | Point2D; }' but required in type 'ColorTrackProperties'.
src/shared/registry/registry-utils.ts(8,50): error TS2352: Conversion of type '{ triangle: { readonly type: "triangle"; readonly label: "Triangle"; readonly description: "Triangular geometry object"; readonly execution: { readonly category: "geometry"; readonly executor: "geometry"; }; readonly ports: { ...; }; readonly properties: { ...; }; readonly rendering: { ...; }; readonly defaults: { ....' to type 'Record<string, NodeDefinition>' may be a mistake because neither type sufficiently overlaps with the other. If this was intentional, convert the expression to 'unknown' first.
  Property 'triangle' is incompatible with index signature.
    Type '{ readonly type: "triangle"; readonly label: "Triangle"; readonly description: "Triangular geometry object"; readonly execution: { readonly category: "geometry"; readonly executor: "geometry"; }; readonly ports: { ...; }; readonly properties: { ...; }; readonly rendering: { ...; }; readonly defaults: { ...; }; }' is not comparable to type 'NodeDefinition'.
      The types of 'ports.inputs' are incompatible between these types.
        The type 'readonly []' is 'readonly' and cannot be assigned to the mutable type 'PortDefinition[]'.
src/shared/registry/registry-utils.ts(153,3): error TS2322: Type '({ readonly type: "triangle"; readonly label: "Triangle"; readonly description: "Triangular geometry object"; readonly execution: { readonly category: "geometry"; readonly executor: "geometry"; }; readonly ports: { ...; }; readonly properties: { ...; }; readonly rendering: { ...; }; readonly defaults: { ...; }; } | ...' is not assignable to type 'NodeDefinition[]'.
  Type '{ readonly type: "triangle"; readonly label: "Triangle"; readonly description: "Triangular geometry object"; readonly execution: { readonly category: "geometry"; readonly executor: "geometry"; }; readonly ports: { ...; }; readonly properties: { ...; }; readonly rendering: { ...; }; readonly defaults: { ...; }; } | ....' is not assignable to type 'NodeDefinition'.
    Type '{ readonly type: "triangle"; readonly label: "Triangle"; readonly description: "Triangular geometry object"; readonly execution: { readonly category: "geometry"; readonly executor: "geometry"; }; readonly ports: { ...; }; readonly properties: { ...; }; readonly rendering: { ...; }; readonly defaults: { ...; }; }' is not assignable to type 'NodeDefinition'.
      The types of 'ports.inputs' are incompatible between these types.
        The type 'readonly []' is 'readonly' and cannot be assigned to the mutable type 'PortDefinition[]'.
src/shared/registry/registry-utils.ts(154,19): error TS2339: Property 'executionPriority' does not exist on type '{ readonly category: "geometry"; readonly executor: "geometry"; } | { readonly category: "geometry"; readonly executor: "geometry"; } | { readonly category: "geometry"; readonly executor: "geometry"; } | { ...; } | { ...; } | { ...; } | { ...; }'.
  Property 'executionPriority' does not exist on type '{ readonly category: "geometry"; readonly executor: "geometry"; }'.
src/shared/types/properties.ts(132,22): error TS2339: Property 'key' does not exist on type 'never'.
